###############################################################################
#
# IAR ELF Linker V8.11.1.13263/W32 for ARM                29/Jun/2017  14:58:54
# Copyright 2007-2017 IAR Systems AB.
#
#    Output file  =  
#        C:\Users\gunho\Desktop\UART_debuggingInterface\EWARM\UART_debuggingInterface\Exe\UART_debuggingInterface.out
#    Map file     =  
#        C:\Users\gunho\Desktop\UART_debuggingInterface\EWARM\UART_debuggingInterface\List\UART_debuggingInterface.map
#    Command line =  
#        -f C:\Users\gunho\AppData\Local\Temp\EW1CC4.tmp
#        (C:\Users\gunho\Desktop\UART_debuggingInterface\EWARM\UART_debuggingInterface\Obj\main.o
#        C:\Users\gunho\Desktop\UART_debuggingInterface\EWARM\UART_debuggingInterface\Obj\startup_stm32f407xx.o
#        C:\Users\gunho\Desktop\UART_debuggingInterface\EWARM\UART_debuggingInterface\Obj\stm32f4xx_hal.o
#        C:\Users\gunho\Desktop\UART_debuggingInterface\EWARM\UART_debuggingInterface\Obj\stm32f4xx_hal_cortex.o
#        C:\Users\gunho\Desktop\UART_debuggingInterface\EWARM\UART_debuggingInterface\Obj\stm32f4xx_hal_dma.o
#        C:\Users\gunho\Desktop\UART_debuggingInterface\EWARM\UART_debuggingInterface\Obj\stm32f4xx_hal_dma_ex.o
#        C:\Users\gunho\Desktop\UART_debuggingInterface\EWARM\UART_debuggingInterface\Obj\stm32f4xx_hal_flash.o
#        C:\Users\gunho\Desktop\UART_debuggingInterface\EWARM\UART_debuggingInterface\Obj\stm32f4xx_hal_flash_ex.o
#        C:\Users\gunho\Desktop\UART_debuggingInterface\EWARM\UART_debuggingInterface\Obj\stm32f4xx_hal_flash_ramfunc.o
#        C:\Users\gunho\Desktop\UART_debuggingInterface\EWARM\UART_debuggingInterface\Obj\stm32f4xx_hal_gpio.o
#        C:\Users\gunho\Desktop\UART_debuggingInterface\EWARM\UART_debuggingInterface\Obj\stm32f4xx_hal_msp.o
#        C:\Users\gunho\Desktop\UART_debuggingInterface\EWARM\UART_debuggingInterface\Obj\stm32f4xx_hal_pwr.o
#        C:\Users\gunho\Desktop\UART_debuggingInterface\EWARM\UART_debuggingInterface\Obj\stm32f4xx_hal_pwr_ex.o
#        C:\Users\gunho\Desktop\UART_debuggingInterface\EWARM\UART_debuggingInterface\Obj\stm32f4xx_hal_rcc.o
#        C:\Users\gunho\Desktop\UART_debuggingInterface\EWARM\UART_debuggingInterface\Obj\stm32f4xx_hal_rcc_ex.o
#        C:\Users\gunho\Desktop\UART_debuggingInterface\EWARM\UART_debuggingInterface\Obj\stm32f4xx_hal_tim.o
#        C:\Users\gunho\Desktop\UART_debuggingInterface\EWARM\UART_debuggingInterface\Obj\stm32f4xx_hal_tim_ex.o
#        C:\Users\gunho\Desktop\UART_debuggingInterface\EWARM\UART_debuggingInterface\Obj\stm32f4xx_hal_uart.o
#        C:\Users\gunho\Desktop\UART_debuggingInterface\EWARM\UART_debuggingInterface\Obj\stm32f4xx_it.o
#        C:\Users\gunho\Desktop\UART_debuggingInterface\EWARM\UART_debuggingInterface\Obj\system_stm32f4xx.o
#        --redirect _Printf=_PrintfFull --redirect _Scanf=_ScanfFull -o
#        C:\Users\gunho\Desktop\UART_debuggingInterface\EWARM\UART_debuggingInterface\Exe\UART_debuggingInterface.out
#        --map
#        C:\Users\gunho\Desktop\UART_debuggingInterface\EWARM\UART_debuggingInterface\List\UART_debuggingInterface.map
#        --config
#        C:\Users\gunho\Desktop\UART_debuggingInterface\EWARM/stm32f407xx_flash.icf
#        --semihosting --entry __iar_program_start --vfe --text_out locale)
#
###############################################################################

*******************************************************************************
*** RUNTIME MODEL ATTRIBUTES
***

CppFlavor       = *
__SystemLibrary = DLib
__dlib_version  = 6


*******************************************************************************
*** HEAP SELECTION
***

The basic heap was selected because no calls to memory allocation
functions were found in the application outside of system library
functions, and there are calls to deallocation functions in the
application.


*******************************************************************************
*** PLACEMENT SUMMARY
***

"A0":  place at 0x08000000 { ro section .intvec };
"P1":  place in [from 0x08000000 to 0x080fffff] { ro };
"P2":  place in [from 0x20000000 to 0x2001ffff] { rw, block CSTACK, block HEAP };
initialize by copy { rw };

  Section            Kind        Address    Size  Object
  -------            ----        -------    ----  ------
"A0":                                      0x188
  .intvec            ro code  0x08000000   0x188  startup_stm32f407xx.o [1]
                            - 0x08000188   0x188

"P1":                                     0x3422
  .text              ro code  0x08000188   0xf4e  xprintffull.o [3]
  .text              ro code  0x080010d6    0x1e  xencoding_8859_1.o [3]
  .text              ro code  0x080010f4    0x7c  xlocale_c.o [3]
  .text              ro code  0x08001170    0x16  strchr.o [5]
  .text              ro code  0x08001186     0xa  xsprout.o [3]
  .text              ro code  0x08001190    0x44  xfail_s.o [3]
  .text              ro code  0x080011d4    0x36  strlen.o [5]
  .text              ro code  0x0800120c    0x58  memchr.o [5]
  .text              ro code  0x08001264     0xa  xmbcurmax.o [3]
  .text              ro code  0x08001270    0xa6  ABImemcpy.o [5]
  .text              ro code  0x08001318    0xee  I64DivMod.o [5]
  .text              ro code  0x08001408   0x192  DblMul.o [4]
  .text              ro code  0x0800159c    0x70  frexp.o [4]
  .text              ro code  0x0800160c    0x2e  DblCmpLe.o [4]
  .text              ro code  0x0800163c    0x2e  DblCmpGe.o [4]
  .text              ro code  0x0800166c   0x13a  ldexp.o [4]
  .text              ro code  0x080017a8    0x3a  DblToS32.o [4]
  .text              ro code  0x080017e4    0x22  S32ToDbl.o [4]
  .text              ro code  0x08001808    0xe2  DblSub.o [4]
  .text              ro code  0x080018ec   0x246  DblDiv.o [4]
  .text              ro code  0x08001b34    0x28  DblToU32.o [4]
  .text              ro code  0x08001b5c    0x1a  U32ToDbl.o [4]
  .text              ro code  0x08001b76     0x6  abort.o [3]
  .text              ro code  0x08001b7c     0x2  I64DivZer.o [5]
  .text              ro code  0x08001b80   0x168  DblAdd.o [4]
  .text              ro code  0x08001ce8    0x14  exit.o [6]
  .text              ro code  0x08001cfc   0x64c  main.o [1]
  .text              ro code  0x08002348    0x34  stm32f4xx_hal.o [1]
  .text              ro code  0x0800237c   0x572  stm32f4xx_hal_uart.o [1]
  .text              ro code  0x080028f0   0x2d0  stm32f4xx_hal_rcc.o [1]
  .text              ro code  0x08002bc0   0x1d4  stm32f4xx_hal_rcc.o [1]
  .text              ro code  0x08002d94    0xe2  stm32f4xx_hal_cortex.o [1]
  .text              ro code  0x08002e78   0x1d0  stm32f4xx_hal_gpio.o [1]
  .text              ro code  0x08003048     0x6  ABImemclr4.o [5]
  .text              ro code  0x08003050    0x40  sprintf.o [3]
  .text              ro code  0x08003090    0x28  stm32f4xx_hal.o [1]
  .text              ro code  0x080030b8    0xc4  stm32f4xx_hal_msp.o [1]
  .text              ro code  0x0800317c     0xc  stm32f4xx_hal.o [1]
  .text              ro code  0x08003188    0x24  stm32f4xx_hal_dma.o [1]
  .text              ro code  0x080031ac     0x2  stm32f4xx_hal_uart.o [1]
  .text              ro code  0x080031ae     0x2  stm32f4xx_hal_uart.o [1]
  .text              ro code  0x080031b0     0x2  stm32f4xx_hal_uart.o [1]
  .text              ro code  0x080031b4    0x32  ABImemset48.o [5]
  Initializer bytes  const    0x080031e8    0x84  <for P2-1>
  .text              ro code  0x0800326c    0x60  system_stm32f4xx.o [1]
  .text              ro code  0x080032cc    0x40  zero_init3.o [5]
  .text              ro code  0x0800330c    0x38  stm32f4xx_it.o [1]
  .text              ro code  0x08003344    0x10  stm32f4xx_hal.o [1]
  .text              ro code  0x08003354    0x2c  copy_init3.o [5]
  .text              ro code  0x08003380    0x28  data_init.o [5]
  .text              ro code  0x080033a8    0x22  fpinit_M.o [4]
  .iar.init_table    const    0x080033cc    0x24  - Linker created -
  .text              ro code  0x080033f0    0x1a  cmain.o [5]
  .text              ro code  0x0800340a     0x4  low_level_init.o [3]
  .text              ro code  0x0800340e     0x4  exit.o [3]
  .text              ro code  0x08003414     0xa  cexit.o [5]
  .text              ro code  0x08003420    0x10  startup_stm32f407xx.o [1]
  .text              ro code  0x08003430     0xc  cstartup_M.o [5]
  .rodata            const    0x0800343c     0x8  system_stm32f4xx.o [1]
  .rodata            const    0x08003444     0x6  xlocale_c.o [3]
  .text              ro code  0x0800344a     0x4  startup_stm32f407xx.o [1]
  .text              ro code  0x0800344e     0x4  startup_stm32f407xx.o [1]
  .text              ro code  0x08003452     0x4  startup_stm32f407xx.o [1]
  .text              ro code  0x08003456     0x4  startup_stm32f407xx.o [1]
  .text              ro code  0x0800345a     0x4  startup_stm32f407xx.o [1]
  .text              ro code  0x0800345e     0x4  startup_stm32f407xx.o [1]
  .text              ro code  0x08003462     0x4  startup_stm32f407xx.o [1]
  .text              ro code  0x08003466     0x4  startup_stm32f407xx.o [1]
  .text              ro code  0x0800346a     0x4  startup_stm32f407xx.o [1]
  .text              ro code  0x0800346e     0x4  startup_stm32f407xx.o [1]
  .text              ro code  0x08003472     0x4  startup_stm32f407xx.o [1]
  .text              ro code  0x08003476     0x4  startup_stm32f407xx.o [1]
  .text              ro code  0x0800347a     0x4  startup_stm32f407xx.o [1]
  .text              ro code  0x0800347e     0x4  startup_stm32f407xx.o [1]
  .text              ro code  0x08003482     0x4  startup_stm32f407xx.o [1]
  .text              ro code  0x08003486     0x4  startup_stm32f407xx.o [1]
  .text              ro code  0x0800348a     0x4  startup_stm32f407xx.o [1]
  .text              ro code  0x0800348e     0x4  startup_stm32f407xx.o [1]
  .text              ro code  0x08003492     0x4  startup_stm32f407xx.o [1]
  .text              ro code  0x08003496     0x4  startup_stm32f407xx.o [1]
  .text              ro code  0x0800349a     0x4  startup_stm32f407xx.o [1]
  .text              ro code  0x0800349e     0x4  startup_stm32f407xx.o [1]
  .text              ro code  0x080034a2     0x4  startup_stm32f407xx.o [1]
  .text              ro code  0x080034a6     0x4  startup_stm32f407xx.o [1]
  .text              ro code  0x080034aa     0x4  startup_stm32f407xx.o [1]
  .text              ro code  0x080034ae     0x4  startup_stm32f407xx.o [1]
  .text              ro code  0x080034b2     0x4  startup_stm32f407xx.o [1]
  .text              ro code  0x080034b6     0x4  startup_stm32f407xx.o [1]
  .text              ro code  0x080034ba     0x4  startup_stm32f407xx.o [1]
  .text              ro code  0x080034be     0x4  startup_stm32f407xx.o [1]
  .text              ro code  0x080034c2     0x4  startup_stm32f407xx.o [1]
  .text              ro code  0x080034c6     0x4  startup_stm32f407xx.o [1]
  .text              ro code  0x080034ca     0x4  startup_stm32f407xx.o [1]
  .text              ro code  0x080034ce     0x4  startup_stm32f407xx.o [1]
  .text              ro code  0x080034d2     0x4  startup_stm32f407xx.o [1]
  .text              ro code  0x080034d6     0x4  startup_stm32f407xx.o [1]
  .text              ro code  0x080034da     0x4  startup_stm32f407xx.o [1]
  .text              ro code  0x080034de     0x4  startup_stm32f407xx.o [1]
  .text              ro code  0x080034e2     0x4  startup_stm32f407xx.o [1]
  .text              ro code  0x080034e6     0x4  startup_stm32f407xx.o [1]
  .text              ro code  0x080034ea     0x4  startup_stm32f407xx.o [1]
  .text              ro code  0x080034ee     0x4  startup_stm32f407xx.o [1]
  .text              ro code  0x080034f2     0x4  startup_stm32f407xx.o [1]
  .text              ro code  0x080034f6     0x4  startup_stm32f407xx.o [1]
  .text              ro code  0x080034fa     0x4  startup_stm32f407xx.o [1]
  .text              ro code  0x080034fe     0x4  startup_stm32f407xx.o [1]
  .text              ro code  0x08003502     0x4  startup_stm32f407xx.o [1]
  .text              ro code  0x08003506     0x4  startup_stm32f407xx.o [1]
  .text              ro code  0x0800350a     0x4  startup_stm32f407xx.o [1]
  .text              ro code  0x0800350e     0x4  startup_stm32f407xx.o [1]
  .text              ro code  0x08003512     0x4  startup_stm32f407xx.o [1]
  .text              ro code  0x08003516     0x4  startup_stm32f407xx.o [1]
  .text              ro code  0x0800351a     0x4  startup_stm32f407xx.o [1]
  .text              ro code  0x0800351e     0x4  startup_stm32f407xx.o [1]
  .text              ro code  0x08003522     0x4  startup_stm32f407xx.o [1]
  .text              ro code  0x08003526     0x4  startup_stm32f407xx.o [1]
  .text              ro code  0x0800352a     0x4  startup_stm32f407xx.o [1]
  .text              ro code  0x0800352e     0x4  startup_stm32f407xx.o [1]
  .text              ro code  0x08003532     0x4  startup_stm32f407xx.o [1]
  .text              ro code  0x08003536     0x4  startup_stm32f407xx.o [1]
  .text              ro code  0x0800353a     0x4  startup_stm32f407xx.o [1]
  .text              ro code  0x0800353e     0x4  startup_stm32f407xx.o [1]
  .text              ro code  0x08003542     0x4  startup_stm32f407xx.o [1]
  .text              ro code  0x08003546     0x4  startup_stm32f407xx.o [1]
  .text              ro code  0x0800354a     0x4  startup_stm32f407xx.o [1]
  .text              ro code  0x0800354e     0x4  startup_stm32f407xx.o [1]
  .text              ro code  0x08003552     0x4  startup_stm32f407xx.o [1]
  .text              ro code  0x08003556     0x4  startup_stm32f407xx.o [1]
  .text              ro code  0x0800355a     0x4  startup_stm32f407xx.o [1]
  .text              ro code  0x0800355e     0x4  startup_stm32f407xx.o [1]
  .text              ro code  0x08003562     0x4  startup_stm32f407xx.o [1]
  .text              ro code  0x08003566     0x4  startup_stm32f407xx.o [1]
  .text              ro code  0x0800356a     0x4  startup_stm32f407xx.o [1]
  .text              ro code  0x0800356e     0x4  startup_stm32f407xx.o [1]
  .text              ro code  0x08003572     0x4  startup_stm32f407xx.o [1]
  .text              ro code  0x08003576     0x4  startup_stm32f407xx.o [1]
  .text              ro code  0x0800357a     0x4  startup_stm32f407xx.o [1]
  .text              ro code  0x0800357e     0x4  startup_stm32f407xx.o [1]
  .text              ro code  0x08003582     0x4  startup_stm32f407xx.o [1]
  .text              ro code  0x08003586     0x4  startup_stm32f407xx.o [1]
  .text              ro code  0x0800358a     0x4  startup_stm32f407xx.o [1]
  .text              ro code  0x0800358e     0x4  startup_stm32f407xx.o [1]
  .text              ro code  0x08003592     0x4  startup_stm32f407xx.o [1]
  .text              ro code  0x08003596     0x4  startup_stm32f407xx.o [1]
  .text              ro code  0x0800359a     0x4  startup_stm32f407xx.o [1]
  .text              ro code  0x0800359e     0x4  startup_stm32f407xx.o [1]
  .text              ro code  0x080035a2     0x4  startup_stm32f407xx.o [1]
  .text              ro code  0x080035a6     0x4  startup_stm32f407xx.o [1]
  .rodata            const    0x080035aa     0x0  zero_init3.o [5]
  .rodata            const    0x080035aa     0x0  copy_init3.o [5]
                            - 0x080035aa  0x3422

"P2", part 1 of 3:                          0x84
  P2-1                        0x20000000    0x84  <Init block>
    .data            inited   0x20000000     0x4  system_stm32f4xx.o [1]
    .data            inited   0x20000004    0x38  xlocale_c.o [3]
    .data            inited   0x2000003c    0x48  xlocale_c.o [3]
                            - 0x20000084    0x84

"P2", part 2 of 3:                         0x400
  CSTACK                      0x20000088   0x400  <Block>
    CSTACK           uninit   0x20000088   0x400  <Block tail>
                            - 0x20000488   0x400

"P2", part 3 of 3:                          0xbc
  .bss               zero     0x20000488    0x6c  main.o [1]
  .bss               zero     0x200004f4    0x48  main.o [1]
  .bss               zero     0x2000053c     0x4  stm32f4xx_hal.o [1]
  .bss               zero     0x20000540     0x4  xfail_s.o [3]
                            - 0x20000544    0xbc


*******************************************************************************
*** INIT TABLE
***

          Address     Size
          -------     ----
Zero (__iar_zero_init3)
    1 destination range, total size 0xbc:
          0x20000488  0xbc

Copy (__iar_copy_init3)
    1 source range, total size 0x84:
          0x080031e8  0x84
    1 destination range, total size 0x84:
          0x20000000  0x84



*******************************************************************************
*** MODULE SUMMARY
***

    Module                  ro code  ro data  rw data
    ------                  -------  -------  -------
C:\Users\gunho\Desktop\UART_debuggingInterface\EWARM\UART_debuggingInterface\Obj: [1]
    main.o                    1 612               180
    startup_stm32f407xx.o       760
    stm32f4xx_hal.o             120                 4
    stm32f4xx_hal_cortex.o      226
    stm32f4xx_hal_dma.o          36
    stm32f4xx_hal_gpio.o        464
    stm32f4xx_hal_msp.o         196
    stm32f4xx_hal_rcc.o       1 188
    stm32f4xx_hal_uart.o      1 400
    stm32f4xx_it.o               56
    system_stm32f4xx.o           96       12        4
    -------------------------------------------------
    Total:                    6 154       12      188

command line: [2]
    -------------------------------------------------
    Total:

dl7M_tlf.a: [3]
    abort.o                       6
    exit.o                        4
    low_level_init.o              4
    sprintf.o                    64
    xencoding_8859_1.o           30
    xfail_s.o                    68                 4
    xlocale_c.o                 124      134      128
    xmbcurmax.o                  10
    xprintffull.o             3 918
    xsprout.o                    10
    -------------------------------------------------
    Total:                    4 238      134      132

m7M_tls.a: [4]
    DblAdd.o                    360
    DblCmpGe.o                   46
    DblCmpLe.o                   46
    DblDiv.o                    582
    DblMul.o                    402
    DblSub.o                    226
    DblToS32.o                   58
    DblToU32.o                   40
    S32ToDbl.o                   34
    U32ToDbl.o                   26
    fpinit_M.o                   34
    frexp.o                     112
    ldexp.o                     314
    -------------------------------------------------
    Total:                    2 280

rt7M_tl.a: [5]
    ABImemclr4.o                  6
    ABImemcpy.o                 166
    ABImemset48.o                50
    I64DivMod.o                 238
    I64DivZer.o                   2
    cexit.o                      10
    cmain.o                      26
    copy_init3.o                 44
    cstartup_M.o                 12
    data_init.o                  40
    memchr.o                     88
    strchr.o                     22
    strlen.o                     54
    zero_init3.o                 64
    -------------------------------------------------
    Total:                      822

shb_l.a: [6]
    exit.o                       20
    -------------------------------------------------
    Total:                       20

    Gaps                         38        2
    Linker created                        38    1 024
-----------------------------------------------------
    Grand Total:             13 552      186    1 344


*******************************************************************************
*** ENTRY LIST
***

Entry                      Address   Size  Type      Object
-----                      -------   ----  ----      ------
.iar.init_table$$Base   0x080033cc          --   Gb  - Linker created -
.iar.init_table$$Limit  0x080033f0          --   Gb  - Linker created -
?main                   0x080033f1         Code  Gb  cmain.o [5]
AHBPrescTable           0x080032bc   0x10  Data  Gb  system_stm32f4xx.o [1]
APBPrescTable           0x0800343c    0x8  Data  Gb  system_stm32f4xx.o [1]
CSTACK$$Base            0x20000088          --   Gb  - Linker created -
CSTACK$$Limit           0x20000488          --   Gb  - Linker created -
CacheMore               0x080010f9   0x24  Code  Lc  xlocale_c.o [3]
HAL_DMA_Abort_IT        0x08003189   0x24  Code  Gb  stm32f4xx_hal_dma.o [1]
HAL_GPIO_Init           0x08002e79  0x19a  Code  Gb  stm32f4xx_hal_gpio.o [1]
HAL_GPIO_WritePin       0x08003013    0x8  Code  Gb  stm32f4xx_hal_gpio.o [1]
HAL_GetTick             0x0800317d    0xc  Code  Wk  stm32f4xx_hal.o [1]
HAL_IncTick             0x08003345   0x10  Code  Wk  stm32f4xx_hal.o [1]
HAL_Init                0x08002349   0x30  Code  Gb  stm32f4xx_hal.o [1]
HAL_InitTick            0x08003091   0x28  Code  Wk  stm32f4xx_hal.o [1]
HAL_MspInit             0x080030b9   0x60  Code  Gb  stm32f4xx_hal_msp.o [1]
HAL_NVIC_EnableIRQ      0x08002e03    0xa  Code  Gb  stm32f4xx_hal_cortex.o [1]
HAL_NVIC_SetPriority    0x08002dc9   0x3a  Code  Gb  stm32f4xx_hal_cortex.o [1]
HAL_NVIC_SetPriorityGrouping
                        0x08002daf   0x1a  Code  Gb  stm32f4xx_hal_cortex.o [1]
HAL_RCC_ClockConfig     0x08002bc1  0x12a  Code  Gb  stm32f4xx_hal_rcc.o [1]
HAL_RCC_GetHCLKFreq     0x08002cf9    0x6  Code  Gb  stm32f4xx_hal_rcc.o [1]
HAL_RCC_GetPCLK1Freq    0x08002cff   0x10  Code  Gb  stm32f4xx_hal_rcc.o [1]
HAL_RCC_GetPCLK2Freq    0x08002d0f    0xe  Code  Gb  stm32f4xx_hal_rcc.o [1]
HAL_RCC_OscConfig       0x080028f1  0x2d0  Code  Wk  stm32f4xx_hal_rcc.o [1]
HAL_SYSTICK_CLKSourceConfig
                        0x08002e3f   0x1a  Code  Gb  stm32f4xx_hal_cortex.o [1]
HAL_SYSTICK_Config      0x08002e17   0x28  Code  Gb  stm32f4xx_hal_cortex.o [1]
HAL_SYSTICK_IRQHandler  0x08002e71    0x4  Code  Gb  stm32f4xx_hal_cortex.o [1]
HAL_UART_IRQHandler     0x08002501  0x152  Code  Gb  stm32f4xx_hal_uart.o [1]
HAL_UART_Init           0x0800237d   0x20  Code  Gb  stm32f4xx_hal_uart.o [1]
HAL_UART_MspInit        0x08003119   0x56  Code  Gb  stm32f4xx_hal_msp.o [1]
HAL_UART_Receive_IT     0x080024a5   0x4a  Code  Gb  stm32f4xx_hal_uart.o [1]
HAL_UART_Transmit       0x080023ef   0xac  Code  Gb  stm32f4xx_hal_uart.o [1]
LoadInt                 0x08000357   0x7a  Code  Lc  xprintffull.o [3]
MX_GPIO_Init            0x08001e41  0x1ae  Code  Lc  main.o [1]
NVIC_SetPriority        0x08002d95   0x1a  Code  Lc  stm32f4xx_hal_cortex.o [1]
Region$$Table$$Base     0x080033cc          --   Gb  - Linker created -
Region$$Table$$Limit    0x080033f0          --   Gb  - Linker created -
Rxbuf                   0x200004f4    0x1  Data  Gb  main.o [1]
SysTick_Handler         0x0800330d    0xe  Code  Gb  stm32f4xx_it.o [1]
SystemClock_Config      0x08001d97   0xaa  Code  Gb  main.o [1]
SystemCoreClock         0x20000000    0x4  Data  Gb  system_stm32f4xx.o [1]
SystemInit              0x0800326d   0x3a  Code  Gb  system_stm32f4xx.o [1]
UART_DMAAbortOnError    0x080026d5    0xc  Code  Lc  stm32f4xx_hal_uart.o [1]
UART_EndRxTransfer      0x080026b7   0x1c  Code  Lc  stm32f4xx_hal_uart.o [1]
UART_Receive_IT         0x080026e1   0x8c  Code  Lc  stm32f4xx_hal_uart.o [1]
UART_SetConfig          0x0800276d  0x13a  Code  Lc  stm32f4xx_hal_uart.o [1]
UART_WaitOnFlagUntilTimeout
                        0x08002653   0x56  Code  Lc  stm32f4xx_hal_uart.o [1]
USART2_IRQHandler       0x0800331b   0x1e  Code  Gb  stm32f4xx_it.o [1]
_Encoding_8859_1_Mbrlen
                        0x080010e9    0x2  Code  Gb  xencoding_8859_1.o [3]
_Encoding_8859_1_Wctomb
                        0x080010d7   0x12  Code  Gb  xencoding_8859_1.o [3]
_GenldFull              0x08000dcf  0x256  Code  Lc  xprintffull.o [3]
_LdtobFull              0x080009a7  0x3fe  Code  Lc  xprintffull.o [3]
_LitobFull              0x08000857  0x10a  Code  Lc  xprintffull.o [3]
_Locale_lconv           0x20000004   0x38  Data  Lc  xlocale_c.o [3]
_PrintfFull             0x08000189  0x1b6  Code  Gb  xprintffull.o [3]
_PutcharsFull           0x08001025   0x2e  Code  Lc  xprintffull.o [3]
_PutfldFull             0x080003d1  0x2d0  Code  Lc  xprintffull.o [3]
_PutstrFull             0x08000797   0xc0  Code  Lc  xprintffull.o [3]
_PuttxtFull             0x080006a1   0xf6  Code  Lc  xprintffull.o [3]
_SProut                 0x08001187    0xa  Code  Gb  xsprout.o [3]
__aeabi_cdcmple         0x0800160d         Code  Gb  DblCmpLe.o [4]
__aeabi_cdrcmple        0x0800163d         Code  Gb  DblCmpGe.o [4]
__aeabi_d2iz            0x080017a9         Code  Gb  DblToS32.o [4]
__aeabi_d2uiz           0x08001b35         Code  Gb  DblToU32.o [4]
__aeabi_ddiv            0x080018ed         Code  Gb  DblDiv.o [4]
__aeabi_dmul            0x08001409         Code  Gb  DblMul.o [4]
__aeabi_dsub            0x08001809         Code  Gb  DblSub.o [4]
__aeabi_i2d             0x080017e5         Code  Gb  S32ToDbl.o [4]
__aeabi_ldiv0           0x08001b7d         Code  Gb  I64DivZer.o [5]
__aeabi_memclr4         0x08003049         Code  Gb  ABImemclr4.o [5]
__aeabi_memcpy          0x08001271         Code  Gb  ABImemcpy.o [5]
__aeabi_memcpy4         0x08001291         Code  Gb  ABImemcpy.o [5]
__aeabi_memcpy8         0x08001291         Code  Gb  ABImemcpy.o [5]
__aeabi_ui2d            0x08001b5d         Code  Gb  U32ToDbl.o [4]
__aeabi_uldivmod        0x08001319         Code  Gb  I64DivMod.o [5]
__cmain                 0x080033f1         Code  Gb  cmain.o [5]
__exit                  0x08001ce9   0x14  Code  Gb  exit.o [6]
__iar_Fail_s            0x08001191   0x1e  Code  Gb  xfail_s.o [3]
__iar_Mbcurmax          0x08001265    0xa  Code  Gb  xmbcurmax.o [3]
__iar_Memchr            0x0800120d         Code  Gb  memchr.o [5]
__iar_Memset4_word      0x080031b5         Code  Gb  ABImemset48.o [5]
__iar_Memset8_word      0x080031b5         Code  Gb  ABImemset48.o [5]
__iar_Strchr            0x08001171         Code  Gb  strchr.o [5]
__iar_copy_init3        0x08003355   0x2c  Code  Gb  copy_init3.o [5]
__iar_dadd              0x08001819         Code  Gb  DblSub.o [4]
__iar_data_init3        0x08003381   0x28  Code  Gb  data_init.o [5]
__iar_dsub              0x08001b81         Code  Gb  DblAdd.o [4]
__iar_dsubStart         0x08001b93         Code  Gb  DblAdd.o [4]
__iar_frexp             0x080015a9         Code  Gb  frexp.o [4]
__iar_frexpl            0x080015a9         Code  Gb  frexp.o [4]
__iar_globLocale        0x2000003c   0x48  Data  Lc  xlocale_c.o [3]
__iar_global_Locale     0x080010f5    0x4  Code  Gb  xlocale_c.o [3]
__iar_init_vfp          0x080033a9         Code  Gb  fpinit_M.o [4]
__iar_ldexp64           0x0800166d         Code  Gb  ldexp.o [4]
__iar_program_start     0x08003431         Code  Gb  cstartup_M.o [5]
__iar_scalbln64         0x0800166d         Code  Gb  ldexp.o [4]
__iar_scalbn64          0x0800166d         Code  Gb  ldexp.o [4]
__iar_softfp___iar_frexp64
                        0x0800159d         Code  Gb  frexp.o [4]
__iar_softfp_frexp      0x0800159d         Code  Gb  frexp.o [4]
__iar_softfp_frexpl     0x0800159d         Code  Gb  frexp.o [4]
__iar_systems$$module {Abs}
                        0x00000001         Data  Gb  command line/config [2]
__iar_zero_init3        0x080032cd   0x40  Code  Gb  zero_init3.o [5]
__low_level_init        0x0800340b    0x4  Code  Gb  low_level_init.o [3]
__vector_table          0x08000000         Data  Gb  startup_stm32f407xx.o [1]
_call_main              0x080033fd         Code  Gb  cmain.o [5]
_exit                   0x08003415         Code  Gb  cexit.o [5]
_gLocale_mblen          0x08001159    0x4  Code  Gb  xlocale_c.o [3]
_gLocale_mblenInt       0x0800111d   0x2c  Code  Gb  xlocale_c.o [3]
_gLocale_wctomb         0x0800115d    0x4  Code  Gb  xlocale_c.o [3]
_gLocale_wctombInt      0x08001155    0x4  Code  Gb  xlocale_c.o [3]
_main                   0x08003407         Code  Gb  cmain.o [5]
abort                   0x08001b77    0x6  Code  Gb  abort.o [3]
exit                    0x0800340f    0x4  Code  Gb  exit.o [3]
huart2                  0x200004f8   0x40  Data  Gb  main.o [1]
ldexp                   0x0800166d         Code  Gb  ldexp.o [4]
ldexpl                  0x0800166d         Code  Gb  ldexp.o [4]
localeconv              0x08001161    0x4  Code  Gb  xlocale_c.o [3]
main                    0x08001cfd   0x9a  Code  Gb  main.o [1]
memchr                  0x0800120d         Code  Gb  memchr.o [5]
received                0x20000538    0x4  Data  Gb  main.o [1]
scalbln                 0x0800166d         Code  Gb  ldexp.o [4]
scalblnl                0x0800166d         Code  Gb  ldexp.o [4]
scalbn                  0x0800166d         Code  Gb  ldexp.o [4]
scalbnl                 0x0800166d         Code  Gb  ldexp.o [4]
scale                   0x08000961   0x46  Code  Lc  xprintffull.o [3]
sec_hand                0x20000540    0x4  Data  Lc  xfail_s.o [3]
sprintf                 0x08003051   0x40  Code  Gb  sprintf.o [3]
st_clear                0x08002041   0x26  Code  Gb  main.o [1]
st_read                 0x08002067   0x7a  Code  Gb  main.o [1]
st_show                 0x080020ff   0x36  Code  Gb  main.o [1]
status                  0x20000488   0x6c  Data  Gb  main.o [1]
strchr                  0x08001171         Code  Gb  strchr.o [5]
strlen                  0x080011d5         Code  Gb  strlen.o [5]
uwTick                  0x2000053c    0x4  Data  Gb  stm32f4xx_hal.o [1]


[1] = C:\Users\gunho\Desktop\UART_debuggingInterface\EWARM\UART_debuggingInterface\Obj
[2] = command line
[3] = dl7M_tlf.a
[4] = m7M_tls.a
[5] = rt7M_tl.a
[6] = shb_l.a

  13 552 bytes of readonly  code memory
     186 bytes of readonly  data memory
   1 344 bytes of readwrite data memory

Errors: none
Warnings: none
